ARM GAS  ../../libs/CMSIS/CM3/DeviceSupport/NXP/LPC13xx/startup/gcc/startup_LPC13xx.S 			page 1


   1              	/*****************************************************************************/
   2              	/* startup_LPC13xx.s: Startup file for LPC13xx device series                 */
   3              	/*****************************************************************************/
   4              	/* Version: CodeSourcery Sourcery G++ Lite (with CS3)                        */
   5              	/*****************************************************************************/
   6              	
   7              	
   8              	/* 
   9              	//*** <<< Use Configuration Wizard in Context Menu >>> *** 
  10              	*/
  11              	
  12              	
  13              	/*
  14              	// <h> Stack Configuration
  15              	//   <o> Stack Size (in Bytes) <0x0-0xFFFFFFFF:8>
  16              	// </h>
  17              	*/
  18              	
  19              	    .equ    Stack_Size, 0x00000100
  20              	    .section ".stack", "w"
  21              	    .align  3
  22              	    .globl  __cs3_stack_mem
  23              	    .globl  __cs3_stack_size
  24              	__cs3_stack_mem:
  25              	    .if     Stack_Size
  26 0000 00000000 	    .space  Stack_Size
  26      00000000 
  26      00000000 
  26      00000000 
  26      00000000 
  27              	    .endif
  28              	    .size   __cs3_stack_mem,  . - __cs3_stack_mem
  29              	    .set    __cs3_stack_size, . - __cs3_stack_mem
  30              	
  31              	
  32              	/*
  33              	// <h> Heap Configuration
  34              	//   <o>  Heap Size (in Bytes) <0x0-0xFFFFFFFF:8>
  35              	// </h>
  36              	*/
  37              	
  38              	    .equ    Heap_Size,  0x00001000
  39              	    
  40              	    .section ".heap", "w"
  41              	    .align  3
  42              	    .globl  __cs3_heap_start
  43              	    .globl  __cs3_heap_end
  44              	__cs3_heap_start:
  45              	    .if     Heap_Size
  46 0000 00000000 	    .space  Heap_Size
  46      00000000 
  46      00000000 
  46      00000000 
  46      00000000 
  47              	    .endif
  48              	__cs3_heap_end:
  49              	
ARM GAS  ../../libs/CMSIS/CM3/DeviceSupport/NXP/LPC13xx/startup/gcc/startup_LPC13xx.S 			page 2


  50              	
  51              	/* Vector Table */
  52              	
  53              	    .section ".cs3.interrupt_vector"
  54              	    .globl  __cs3_interrupt_vector_cortex_m
  55              	    .type   __cs3_interrupt_vector_cortex_m, %object
  56              	
  57              	__cs3_interrupt_vector_cortex_m:
  58 0000 00000000 	    .long   __cs3_stack                 /* Top of Stack                  */
  59 0004 00000000 	    .long   __cs3_reset                 /* Reset Handler                 */
  60 0008 00000000 	    .long   NMI_Handler                 /* NMI Handler                   */
  61 000c 00000000 	    .long   HardFault_Handler           /* Hard Fault Handler            */
  62 0010 00000000 	    .long   MemManage_Handler           /* MPU Fault Handler             */
  63 0014 00000000 	    .long   BusFault_Handler            /* Bus Fault Handler             */
  64 0018 00000000 	    .long   UsageFault_Handler          /* Usage Fault Handler           */
  65 001c 00000000 	    .long   0                           /* Reserved                      */
  66 0020 00000000 	    .long   0                           /* Reserved                      */
  67 0024 00000000 	    .long   0                           /* Reserved                      */
  68 0028 00000000 	    .long   0                           /* Reserved                      */
  69 002c 00000000 	    .long   SVC_Handler                 /* SVCall Handler                */
  70 0030 00000000 	    .long   DebugMon_Handler            /* Debug Monitor Handler         */
  71 0034 00000000 	    .long   0                           /* Reserved                      */
  72 0038 00000000 	    .long   PendSV_Handler              /* PendSV Handler                */
  73 003c 00000000 	    .long   SysTick_Handler             /* SysTick Handler               */
  74              	
  75              	    /* External Interrupts */
  76 0040 00000000 	    .long   WAKEUP_IRQHandler           /* 16+ 0: Wakeup PIO0.0          */
  77 0044 00000000 	    .long   WAKEUP_IRQHandler           /* 16+ 1: Wakeup PIO0.1          */
  78 0048 00000000 	    .long   WAKEUP_IRQHandler           /* 16+ 2: Wakeup PIO0.2          */
  79 004c 00000000 	    .long   WAKEUP_IRQHandler           /* 16+ 3: Wakeup PIO0.3          */
  80 0050 00000000 	    .long   WAKEUP_IRQHandler           /* 16+ 4: Wakeup PIO0.4          */
  81 0054 00000000 	    .long   WAKEUP_IRQHandler           /* 16+ 5: Wakeup PIO0.5          */
  82 0058 00000000 	    .long   WAKEUP_IRQHandler           /* 16+ 6: Wakeup PIO0.6          */
  83 005c 00000000 	    .long   WAKEUP_IRQHandler           /* 16+ 7: Wakeup PIO0.7          */
  84 0060 00000000 	    .long   WAKEUP_IRQHandler           /* 16+ 8: Wakeup PIO0.8          */
  85 0064 00000000 	    .long   WAKEUP_IRQHandler           /* 16+ 9: Wakeup PIO0.9          */
  86 0068 00000000 	    .long   WAKEUP_IRQHandler           /* 16+10: Wakeup PIO0.10         */
  87 006c 00000000 	    .long   WAKEUP_IRQHandler           /* 16+11: Wakeup PIO0.11         */
  88 0070 00000000 	    .long   WAKEUP_IRQHandler           /* 16+12: Wakeup PIO1.0          */
  89 0074 00000000 	    .long   WAKEUP_IRQHandler           /* 16+13: Wakeup PIO1.1          */
  90 0078 00000000 	    .long   WAKEUP_IRQHandler           /* 16+14: Wakeup PIO1.2          */
  91 007c 00000000 	    .long   WAKEUP_IRQHandler           /* 16+15: Wakeup PIO1.3          */
  92 0080 00000000 	    .long   WAKEUP_IRQHandler           /* 16+16: Wakeup PIO1.4          */
  93 0084 00000000 	    .long   WAKEUP_IRQHandler           /* 16+17: Wakeup PIO1.5          */
  94 0088 00000000 	    .long   WAKEUP_IRQHandler           /* 16+18: Wakeup PIO1.6          */
  95 008c 00000000 	    .long   WAKEUP_IRQHandler           /* 16+19: Wakeup PIO1.7          */
  96 0090 00000000 	    .long   WAKEUP_IRQHandler           /* 16+20: Wakeup PIO1.8          */
  97 0094 00000000 	    .long   WAKEUP_IRQHandler           /* 16+21: Wakeup PIO1.9          */
  98 0098 00000000 	    .long   WAKEUP_IRQHandler           /* 16+22: Wakeup PIO1.10         */
  99 009c 00000000 	    .long   WAKEUP_IRQHandler           /* 16+23: Wakeup PIO1.11         */
 100 00a0 00000000 	    .long   WAKEUP_IRQHandler           /* 16+24: Wakeup PIO2.0          */
 101 00a4 00000000 	    .long   WAKEUP_IRQHandler           /* 16+25: Wakeup PIO2.1          */
 102 00a8 00000000 	    .long   WAKEUP_IRQHandler           /* 16+26: Wakeup PIO2.2          */
 103 00ac 00000000 	    .long   WAKEUP_IRQHandler           /* 16+27: Wakeup PIO2.3          */
 104 00b0 00000000 	    .long   WAKEUP_IRQHandler           /* 16+28: Wakeup PIO2.4          */
 105 00b4 00000000 	    .long   WAKEUP_IRQHandler           /* 16+29: Wakeup PIO2.5          */
 106 00b8 00000000 	    .long   WAKEUP_IRQHandler           /* 16+30: Wakeup PIO2.6          */
ARM GAS  ../../libs/CMSIS/CM3/DeviceSupport/NXP/LPC13xx/startup/gcc/startup_LPC13xx.S 			page 3


 107 00bc 00000000 	    .long   WAKEUP_IRQHandler           /* 16+31: Wakeup PIO2.7          */
 108 00c0 00000000 	    .long   WAKEUP_IRQHandler           /* 16+32: Wakeup PIO2.8          */
 109 00c4 00000000 	    .long   WAKEUP_IRQHandler           /* 16+33: Wakeup PIO2.9          */
 110 00c8 00000000 	    .long   WAKEUP_IRQHandler           /* 16+34: Wakeup PIO2.10         */
 111 00cc 00000000 	    .long   WAKEUP_IRQHandler           /* 16+35: Wakeup PIO2.11         */
 112 00d0 00000000 	    .long   WAKEUP_IRQHandler           /* 16+36: Wakeup PIO3.0          */
 113 00d4 00000000 	    .long   WAKEUP_IRQHandler           /* 16+37: Wakeup PIO3.1          */
 114 00d8 00000000 	    .long   WAKEUP_IRQHandler           /* 16+38: Wakeup PIO3.2          */
 115 00dc 00000000 	    .long   WAKEUP_IRQHandler           /* 16+39: Wakeup PIO3.3          */
 116 00e0 00000000 	    .long   I2C_IRQHandler              /* 16+40: I2C                    */
 117 00e4 00000000 	    .long   TIMER16_0_IRQHandler        /* 16+41: 16-bit Counter-Timer 0 */
 118 00e8 00000000 	    .long   TIMER16_1_IRQHandler        /* 16+42: 16-bit Counter-Timer 1 */
 119 00ec 00000000 	    .long   TIMER32_0_IRQHandler        /* 16+43: 32-bit Counter-Timer 0 */
 120 00f0 00000000 	    .long   TIMER32_1_IRQHandler        /* 16+44: 32-bit Counter-Timer 1 */
 121 00f4 00000000 	    .long   SSP_IRQHandler              /* 16+45: SSP                    */
 122 00f8 00000000 	    .long   UART_IRQHandler             /* 16+46: UART                   */
 123 00fc 00000000 	    .long   USB_IRQHandler              /* 16+47: USB IRQ                */
 124 0100 00000000 	    .long   USB_FIQHandler              /* 16+48: USB FIQ                */
 125 0104 00000000 	    .long   ADC_IRQHandler              /* 16+49: A/D Converter          */
 126 0108 00000000 	    .long   WDT_IRQHandler              /* 16+50: Watchdog Timer         */
 127 010c 00000000 	    .long   BOD_IRQHandler              /* 16+51: Brown Out Detect       */
 128 0110 00000000 	    .long   FMC_IRQHandler              /* 16+52: IP2111 Flash Memory    */
 129 0114 00000000 	    .long   PIOINT3_IRQHandler          /* 16+53: PIO INT3               */
 130 0118 00000000 	    .long   PIOINT2_IRQHandler          /* 16+54: PIO INT2               */
 131 011c 00000000 	    .long   PIOINT1_IRQHandler          /* 16+55: PIO INT1               */
 132 0120 00000000 	    .long   PIOINT0_IRQHandler          /* 16+56: PIO INT0               */
 133              	
 134              	    .size   __cs3_interrupt_vector_cortex_m, . - __cs3_interrupt_vector_cortex_m
 135              	
 136              	
 137              	    .thumb
 138              	
 139              	
 140              	/* Reset Handler */
 141              	
 142              	    .section .cs3.reset,"x",%progbits
 143              	    .thumb_func
 144              	    .globl  __cs3_reset_cortex_m
 145              	    .type   __cs3_reset_cortex_m, %function
 146              	__cs3_reset_cortex_m:
 147              	    .fnstart
 148 0000 0148     	    LDR     R0, =SystemInit
 149 0002 8047     	    BLX     R0
 150 0004 0148     	    LDR     R0,=_start
 151 0006 0047     	    BX      R0
 152 0008 00000000 	    .pool
 152      00000000 
 153              	    .cantunwind
 154              	    .fnend
 155              	    .size   __cs3_reset_cortex_m,.-__cs3_reset_cortex_m
 156              	
 157              	    .section ".text"
 158              	
 159              	/* Exception Handlers */
 160              	
 161              	    .weak   NMI_Handler
 162              	    .type   NMI_Handler, %function
ARM GAS  ../../libs/CMSIS/CM3/DeviceSupport/NXP/LPC13xx/startup/gcc/startup_LPC13xx.S 			page 4


 163              	NMI_Handler:
 164 0000 FEE7     	    B       .
 165              	    .size   NMI_Handler, . - NMI_Handler
 166              	
 167              	    .weak   HardFault_Handler
 168              	    .type   HardFault_Handler, %function
 169              	HardFault_Handler:
 170 0002 FEE7     	    B       .
 171              	    .size   HardFault_Handler, . - HardFault_Handler
 172              	
 173              	    .weak   MemManage_Handler
 174              	    .type   MemManage_Handler, %function
 175              	MemManage_Handler:
 176 0004 FEE7     	    B       .
 177              	    .size   MemManage_Handler, . - MemManage_Handler
 178              	
 179              	    .weak   BusFault_Handler
 180              	    .type   BusFault_Handler, %function
 181              	BusFault_Handler:
 182 0006 FEE7     	    B       .
 183              	    .size   BusFault_Handler, . - BusFault_Handler
 184              	
 185              	    .weak   UsageFault_Handler
 186              	    .type   UsageFault_Handler, %function
 187              	UsageFault_Handler:
 188 0008 FEE7     	    B       .
 189              	    .size   UsageFault_Handler, . - UsageFault_Handler
 190              	
 191              	    .weak   SVC_Handler
 192              	    .type   SVC_Handler, %function
 193              	SVC_Handler:
 194 000a FEE7     	    B       .
 195              	    .size   SVC_Handler, . - SVC_Handler
 196              	
 197              	    .weak   DebugMon_Handler
 198              	    .type   DebugMon_Handler, %function
 199              	DebugMon_Handler:
 200 000c FEE7     	    B       .
 201              	    .size   DebugMon_Handler, . - DebugMon_Handler
 202              	
 203              	    .weak   PendSV_Handler
 204              	    .type   PendSV_Handler, %function
 205              	PendSV_Handler:
 206 000e FEE7     	    B       .
 207              	    .size   PendSV_Handler, . - PendSV_Handler
 208              	
 209              	    .weak   SysTick_Handler
 210              	    .type   SysTick_Handler, %function
 211              	SysTick_Handler:
 212 0010 FEE7     	    B       .
 213              	    .size   SysTick_Handler, . - SysTick_Handler
 214              	
 215              	
 216              	/* IRQ Handlers */
 217              	
 218              	    .globl  Default_Handler
 219              	    .type   Default_Handler, %function
ARM GAS  ../../libs/CMSIS/CM3/DeviceSupport/NXP/LPC13xx/startup/gcc/startup_LPC13xx.S 			page 5


 220              	Default_Handler:
 221 0012 FEE7     	    B       .
 222              	    .size   Default_Handler, . - Default_Handler
 223              	
 224              	    .macro  IRQ handler
 225              	    .weak   \handler
 226              	    .set    \handler, Default_Handler
 227              	    .endm
 228              	
 229              	    IRQ     WAKEUP_IRQHandler
 229              	> .weak WAKEUP_IRQHandler
 229              	> .set WAKEUP_IRQHandler,Default_Handler
 230              	    IRQ     I2C_IRQHandler
 230              	> .weak I2C_IRQHandler
 230              	> .set I2C_IRQHandler,Default_Handler
 231              	    IRQ     TIMER16_0_IRQHandler
 231              	> .weak TIMER16_0_IRQHandler
 231              	> .set TIMER16_0_IRQHandler,Default_Handler
 232              	    IRQ     TIMER16_1_IRQHandler
 232              	> .weak TIMER16_1_IRQHandler
 232              	> .set TIMER16_1_IRQHandler,Default_Handler
 233              	    IRQ     TIMER32_0_IRQHandler
 233              	> .weak TIMER32_0_IRQHandler
 233              	> .set TIMER32_0_IRQHandler,Default_Handler
 234              	    IRQ     TIMER32_1_IRQHandler
 234              	> .weak TIMER32_1_IRQHandler
 234              	> .set TIMER32_1_IRQHandler,Default_Handler
 235              	    IRQ     SSP_IRQHandler
 235              	> .weak SSP_IRQHandler
 235              	> .set SSP_IRQHandler,Default_Handler
 236              	    IRQ     UART_IRQHandler
 236              	> .weak UART_IRQHandler
 236              	> .set UART_IRQHandler,Default_Handler
 237              	    IRQ     USB_IRQHandler
 237              	> .weak USB_IRQHandler
 237              	> .set USB_IRQHandler,Default_Handler
 238              	    IRQ     USB_FIQHandler
 238              	> .weak USB_FIQHandler
 238              	> .set USB_FIQHandler,Default_Handler
 239              	    IRQ     ADC_IRQHandler
 239              	> .weak ADC_IRQHandler
 239              	> .set ADC_IRQHandler,Default_Handler
 240              	    IRQ     WDT_IRQHandler
 240              	> .weak WDT_IRQHandler
 240              	> .set WDT_IRQHandler,Default_Handler
 241              	    IRQ     BOD_IRQHandler
 241              	> .weak BOD_IRQHandler
 241              	> .set BOD_IRQHandler,Default_Handler
 242              	    IRQ     FMC_IRQHandler
 242              	> .weak FMC_IRQHandler
 242              	> .set FMC_IRQHandler,Default_Handler
 243              	    IRQ     PIOINT3_IRQHandler
 243              	> .weak PIOINT3_IRQHandler
 243              	> .set PIOINT3_IRQHandler,Default_Handler
 244              	    IRQ     PIOINT2_IRQHandler
 244              	> .weak PIOINT2_IRQHandler
 244              	> .set PIOINT2_IRQHandler,Default_Handler
ARM GAS  ../../libs/CMSIS/CM3/DeviceSupport/NXP/LPC13xx/startup/gcc/startup_LPC13xx.S 			page 6


 245              	    IRQ     PIOINT1_IRQHandler
 245              	> .weak PIOINT1_IRQHandler
 245              	> .set PIOINT1_IRQHandler,Default_Handler
 246              	    IRQ     PIOINT0_IRQHandler
 246              	> .weak PIOINT0_IRQHandler
 246              	> .set PIOINT0_IRQHandler,Default_Handler
 247              	
 248              	    .end
ARM GAS  ../../libs/CMSIS/CM3/DeviceSupport/NXP/LPC13xx/startup/gcc/startup_LPC13xx.S 			page 7


DEFINED SYMBOLS
../../libs/CMSIS/CM3/DeviceSupport/NXP/LPC13xx/startup/gcc/startup_LPC13xx.S:19     *ABS*:00000100 Stack_Size
../../libs/CMSIS/CM3/DeviceSupport/NXP/LPC13xx/startup/gcc/startup_LPC13xx.S:21     .stack:00000000 $d
../../libs/CMSIS/CM3/DeviceSupport/NXP/LPC13xx/startup/gcc/startup_LPC13xx.S:24     .stack:00000000 __cs3_stack_mem
                            *ABS*:00000100 __cs3_stack_size
../../libs/CMSIS/CM3/DeviceSupport/NXP/LPC13xx/startup/gcc/startup_LPC13xx.S:38     *ABS*:00001000 Heap_Size
../../libs/CMSIS/CM3/DeviceSupport/NXP/LPC13xx/startup/gcc/startup_LPC13xx.S:41     .heap:00000000 $d
../../libs/CMSIS/CM3/DeviceSupport/NXP/LPC13xx/startup/gcc/startup_LPC13xx.S:44     .heap:00000000 __cs3_heap_start
../../libs/CMSIS/CM3/DeviceSupport/NXP/LPC13xx/startup/gcc/startup_LPC13xx.S:48     .heap:00001000 __cs3_heap_end
../../libs/CMSIS/CM3/DeviceSupport/NXP/LPC13xx/startup/gcc/startup_LPC13xx.S:57     .cs3.interrupt_vector:00000000 __cs3_interrupt_vector_cortex_m
../../libs/CMSIS/CM3/DeviceSupport/NXP/LPC13xx/startup/gcc/startup_LPC13xx.S:163    .text:00000000 NMI_Handler
../../libs/CMSIS/CM3/DeviceSupport/NXP/LPC13xx/startup/gcc/startup_LPC13xx.S:169    .text:00000002 HardFault_Handler
../../libs/CMSIS/CM3/DeviceSupport/NXP/LPC13xx/startup/gcc/startup_LPC13xx.S:175    .text:00000004 MemManage_Handler
../../libs/CMSIS/CM3/DeviceSupport/NXP/LPC13xx/startup/gcc/startup_LPC13xx.S:181    .text:00000006 BusFault_Handler
../../libs/CMSIS/CM3/DeviceSupport/NXP/LPC13xx/startup/gcc/startup_LPC13xx.S:187    .text:00000008 UsageFault_Handler
../../libs/CMSIS/CM3/DeviceSupport/NXP/LPC13xx/startup/gcc/startup_LPC13xx.S:193    .text:0000000a SVC_Handler
../../libs/CMSIS/CM3/DeviceSupport/NXP/LPC13xx/startup/gcc/startup_LPC13xx.S:199    .text:0000000c DebugMon_Handler
../../libs/CMSIS/CM3/DeviceSupport/NXP/LPC13xx/startup/gcc/startup_LPC13xx.S:205    .text:0000000e PendSV_Handler
../../libs/CMSIS/CM3/DeviceSupport/NXP/LPC13xx/startup/gcc/startup_LPC13xx.S:211    .text:00000010 SysTick_Handler
../../libs/CMSIS/CM3/DeviceSupport/NXP/LPC13xx/startup/gcc/startup_LPC13xx.S:220    .text:00000012 WAKEUP_IRQHandler
../../libs/CMSIS/CM3/DeviceSupport/NXP/LPC13xx/startup/gcc/startup_LPC13xx.S:220    .text:00000012 I2C_IRQHandler
../../libs/CMSIS/CM3/DeviceSupport/NXP/LPC13xx/startup/gcc/startup_LPC13xx.S:220    .text:00000012 TIMER16_0_IRQHandler
../../libs/CMSIS/CM3/DeviceSupport/NXP/LPC13xx/startup/gcc/startup_LPC13xx.S:220    .text:00000012 TIMER16_1_IRQHandler
../../libs/CMSIS/CM3/DeviceSupport/NXP/LPC13xx/startup/gcc/startup_LPC13xx.S:220    .text:00000012 TIMER32_0_IRQHandler
../../libs/CMSIS/CM3/DeviceSupport/NXP/LPC13xx/startup/gcc/startup_LPC13xx.S:220    .text:00000012 TIMER32_1_IRQHandler
../../libs/CMSIS/CM3/DeviceSupport/NXP/LPC13xx/startup/gcc/startup_LPC13xx.S:220    .text:00000012 SSP_IRQHandler
../../libs/CMSIS/CM3/DeviceSupport/NXP/LPC13xx/startup/gcc/startup_LPC13xx.S:220    .text:00000012 UART_IRQHandler
../../libs/CMSIS/CM3/DeviceSupport/NXP/LPC13xx/startup/gcc/startup_LPC13xx.S:220    .text:00000012 USB_IRQHandler
../../libs/CMSIS/CM3/DeviceSupport/NXP/LPC13xx/startup/gcc/startup_LPC13xx.S:220    .text:00000012 USB_FIQHandler
../../libs/CMSIS/CM3/DeviceSupport/NXP/LPC13xx/startup/gcc/startup_LPC13xx.S:220    .text:00000012 ADC_IRQHandler
../../libs/CMSIS/CM3/DeviceSupport/NXP/LPC13xx/startup/gcc/startup_LPC13xx.S:220    .text:00000012 WDT_IRQHandler
../../libs/CMSIS/CM3/DeviceSupport/NXP/LPC13xx/startup/gcc/startup_LPC13xx.S:220    .text:00000012 BOD_IRQHandler
../../libs/CMSIS/CM3/DeviceSupport/NXP/LPC13xx/startup/gcc/startup_LPC13xx.S:220    .text:00000012 FMC_IRQHandler
../../libs/CMSIS/CM3/DeviceSupport/NXP/LPC13xx/startup/gcc/startup_LPC13xx.S:220    .text:00000012 PIOINT3_IRQHandler
../../libs/CMSIS/CM3/DeviceSupport/NXP/LPC13xx/startup/gcc/startup_LPC13xx.S:220    .text:00000012 PIOINT2_IRQHandler
../../libs/CMSIS/CM3/DeviceSupport/NXP/LPC13xx/startup/gcc/startup_LPC13xx.S:220    .text:00000012 PIOINT1_IRQHandler
../../libs/CMSIS/CM3/DeviceSupport/NXP/LPC13xx/startup/gcc/startup_LPC13xx.S:220    .text:00000012 PIOINT0_IRQHandler
../../libs/CMSIS/CM3/DeviceSupport/NXP/LPC13xx/startup/gcc/startup_LPC13xx.S:146    .cs3.reset:00000000 __cs3_reset_cortex_m
../../libs/CMSIS/CM3/DeviceSupport/NXP/LPC13xx/startup/gcc/startup_LPC13xx.S:148    .cs3.reset:00000000 $t
../../libs/CMSIS/CM3/DeviceSupport/NXP/LPC13xx/startup/gcc/startup_LPC13xx.S:152    .cs3.reset:00000008 $d
             .ARM.exidx.cs3.reset:00000000 $d
../../libs/CMSIS/CM3/DeviceSupport/NXP/LPC13xx/startup/gcc/startup_LPC13xx.S:164    .text:00000000 $t
../../libs/CMSIS/CM3/DeviceSupport/NXP/LPC13xx/startup/gcc/startup_LPC13xx.S:220    .text:00000012 Default_Handler
                   .debug_aranges:0000000c $d

UNDEFINED SYMBOLS
__cs3_stack
__cs3_reset
SystemInit
_start
